<?xml version="1.0"?>
<testsuite name="translate" failures="0"/>